------------------------------------------------------------
Timing Analyzer Summary
------------------------------------------------------------

Type  : Slow 1100mV 85C Model Setup 'inst2|u1|vga_audio_inst|altera_pll_i|general[0].gpll~PLL_OUTPUT_COUNTER|divclk'
Slack : 10.846
TNS   : 0.000

Type  : Slow 1100mV 85C Model Setup 'clock_50_0'
Slack : 15.079
TNS   : 0.000

Type  : Slow 1100mV 85C Model Hold 'inst2|u1|vga_audio_inst|altera_pll_i|general[0].gpll~PLL_OUTPUT_COUNTER|divclk'
Slack : 0.228
TNS   : 0.000

Type  : Slow 1100mV 85C Model Hold 'clock_50_0'
Slack : 0.240
TNS   : 0.000

Type  : Slow 1100mV 85C Model Recovery 'inst2|u1|vga_audio_inst|altera_pll_i|general[0].gpll~PLL_OUTPUT_COUNTER|divclk'
Slack : 14.157
TNS   : 0.000

Type  : Slow 1100mV 85C Model Removal 'inst2|u1|vga_audio_inst|altera_pll_i|general[0].gpll~PLL_OUTPUT_COUNTER|divclk'
Slack : 1.194
TNS   : 0.000

Type  : Slow 1100mV 85C Model Minimum Pulse Width 'inst2|u1|vga_audio_inst|altera_pll_i|general[0].gpll~FRACTIONAL_PLL|vcoph[0]'
Slack : 1.666
TNS   : 0.000

Type  : Slow 1100mV 85C Model Minimum Pulse Width 'clock_50_0'
Slack : 8.786
TNS   : 0.000

Type  : Slow 1100mV 85C Model Minimum Pulse Width 'inst2|u1|vga_audio_inst|altera_pll_i|general[0].gpll~PLL_OUTPUT_COUNTER|divclk'
Slack : 18.775
TNS   : 0.000

Type  : Slow 1100mV 0C Model Setup 'inst2|u1|vga_audio_inst|altera_pll_i|general[0].gpll~PLL_OUTPUT_COUNTER|divclk'
Slack : 11.189
TNS   : 0.000

Type  : Slow 1100mV 0C Model Setup 'clock_50_0'
Slack : 14.877
TNS   : 0.000

Type  : Slow 1100mV 0C Model Hold 'clock_50_0'
Slack : 0.228
TNS   : 0.000

Type  : Slow 1100mV 0C Model Hold 'inst2|u1|vga_audio_inst|altera_pll_i|general[0].gpll~PLL_OUTPUT_COUNTER|divclk'
Slack : 0.272
TNS   : 0.000

Type  : Slow 1100mV 0C Model Recovery 'inst2|u1|vga_audio_inst|altera_pll_i|general[0].gpll~PLL_OUTPUT_COUNTER|divclk'
Slack : 14.318
TNS   : 0.000

Type  : Slow 1100mV 0C Model Removal 'inst2|u1|vga_audio_inst|altera_pll_i|general[0].gpll~PLL_OUTPUT_COUNTER|divclk'
Slack : 1.173
TNS   : 0.000

Type  : Slow 1100mV 0C Model Minimum Pulse Width 'inst2|u1|vga_audio_inst|altera_pll_i|general[0].gpll~FRACTIONAL_PLL|vcoph[0]'
Slack : 1.666
TNS   : 0.000

Type  : Slow 1100mV 0C Model Minimum Pulse Width 'clock_50_0'
Slack : 8.752
TNS   : 0.000

Type  : Slow 1100mV 0C Model Minimum Pulse Width 'inst2|u1|vga_audio_inst|altera_pll_i|general[0].gpll~PLL_OUTPUT_COUNTER|divclk'
Slack : 18.754
TNS   : 0.000

Type  : Fast 1100mV 85C Model Setup 'inst2|u1|vga_audio_inst|altera_pll_i|general[0].gpll~PLL_OUTPUT_COUNTER|divclk'
Slack : 13.867
TNS   : 0.000

Type  : Fast 1100mV 85C Model Setup 'clock_50_0'
Slack : 16.819
TNS   : 0.000

Type  : Fast 1100mV 85C Model Hold 'clock_50_0'
Slack : 0.138
TNS   : 0.000

Type  : Fast 1100mV 85C Model Hold 'inst2|u1|vga_audio_inst|altera_pll_i|general[0].gpll~PLL_OUTPUT_COUNTER|divclk'
Slack : 0.164
TNS   : 0.000

Type  : Fast 1100mV 85C Model Recovery 'inst2|u1|vga_audio_inst|altera_pll_i|general[0].gpll~PLL_OUTPUT_COUNTER|divclk'
Slack : 16.236
TNS   : 0.000

Type  : Fast 1100mV 85C Model Removal 'inst2|u1|vga_audio_inst|altera_pll_i|general[0].gpll~PLL_OUTPUT_COUNTER|divclk'
Slack : 0.763
TNS   : 0.000

Type  : Fast 1100mV 85C Model Minimum Pulse Width 'inst2|u1|vga_audio_inst|altera_pll_i|general[0].gpll~FRACTIONAL_PLL|vcoph[0]'
Slack : 1.666
TNS   : 0.000

Type  : Fast 1100mV 85C Model Minimum Pulse Width 'clock_50_0'
Slack : 8.526
TNS   : 0.000

Type  : Fast 1100mV 85C Model Minimum Pulse Width 'inst2|u1|vga_audio_inst|altera_pll_i|general[0].gpll~PLL_OUTPUT_COUNTER|divclk'
Slack : 18.888
TNS   : 0.000

Type  : Fast 1100mV 0C Model Setup 'inst2|u1|vga_audio_inst|altera_pll_i|general[0].gpll~PLL_OUTPUT_COUNTER|divclk'
Slack : 14.547
TNS   : 0.000

Type  : Fast 1100mV 0C Model Setup 'clock_50_0'
Slack : 16.893
TNS   : 0.000

Type  : Fast 1100mV 0C Model Hold 'clock_50_0'
Slack : 0.127
TNS   : 0.000

Type  : Fast 1100mV 0C Model Hold 'inst2|u1|vga_audio_inst|altera_pll_i|general[0].gpll~PLL_OUTPUT_COUNTER|divclk'
Slack : 0.166
TNS   : 0.000

Type  : Fast 1100mV 0C Model Recovery 'inst2|u1|vga_audio_inst|altera_pll_i|general[0].gpll~PLL_OUTPUT_COUNTER|divclk'
Slack : 16.562
TNS   : 0.000

Type  : Fast 1100mV 0C Model Removal 'inst2|u1|vga_audio_inst|altera_pll_i|general[0].gpll~PLL_OUTPUT_COUNTER|divclk'
Slack : 0.656
TNS   : 0.000

Type  : Fast 1100mV 0C Model Minimum Pulse Width 'inst2|u1|vga_audio_inst|altera_pll_i|general[0].gpll~FRACTIONAL_PLL|vcoph[0]'
Slack : 1.666
TNS   : 0.000

Type  : Fast 1100mV 0C Model Minimum Pulse Width 'clock_50_0'
Slack : 8.478
TNS   : 0.000

Type  : Fast 1100mV 0C Model Minimum Pulse Width 'inst2|u1|vga_audio_inst|altera_pll_i|general[0].gpll~PLL_OUTPUT_COUNTER|divclk'
Slack : 18.889
TNS   : 0.000

------------------------------------------------------------
