------------------------------------------------------------
Timing Analyzer Summary
------------------------------------------------------------

Type  : Slow 1100mV 85C Model Setup 'inst2|u1|vga_audio_inst|altera_pll_i|general[0].gpll~PLL_OUTPUT_COUNTER|divclk'
Slack : 10.750
TNS   : 0.000

Type  : Slow 1100mV 85C Model Setup 'clock_50_0'
Slack : 15.119
TNS   : 0.000

Type  : Slow 1100mV 85C Model Hold 'inst2|u1|vga_audio_inst|altera_pll_i|general[0].gpll~PLL_OUTPUT_COUNTER|divclk'
Slack : 0.234
TNS   : 0.000

Type  : Slow 1100mV 85C Model Hold 'clock_50_0'
Slack : 0.378
TNS   : 0.000

Type  : Slow 1100mV 85C Model Recovery 'inst2|u1|vga_audio_inst|altera_pll_i|general[0].gpll~PLL_OUTPUT_COUNTER|divclk'
Slack : 15.448
TNS   : 0.000

Type  : Slow 1100mV 85C Model Removal 'inst2|u1|vga_audio_inst|altera_pll_i|general[0].gpll~PLL_OUTPUT_COUNTER|divclk'
Slack : 0.549
TNS   : 0.000

Type  : Slow 1100mV 85C Model Minimum Pulse Width 'inst2|u1|vga_audio_inst|altera_pll_i|general[0].gpll~FRACTIONAL_PLL|vcoph[0]'
Slack : 1.666
TNS   : 0.000

Type  : Slow 1100mV 85C Model Minimum Pulse Width 'clock_50_0'
Slack : 8.664
TNS   : 0.000

Type  : Slow 1100mV 85C Model Minimum Pulse Width 'inst2|u1|vga_audio_inst|altera_pll_i|general[0].gpll~PLL_OUTPUT_COUNTER|divclk'
Slack : 18.766
TNS   : 0.000

Type  : Slow 1100mV 0C Model Setup 'inst2|u1|vga_audio_inst|altera_pll_i|general[0].gpll~PLL_OUTPUT_COUNTER|divclk'
Slack : 11.081
TNS   : 0.000

Type  : Slow 1100mV 0C Model Setup 'clock_50_0'
Slack : 14.962
TNS   : 0.000

Type  : Slow 1100mV 0C Model Hold 'inst2|u1|vga_audio_inst|altera_pll_i|general[0].gpll~PLL_OUTPUT_COUNTER|divclk'
Slack : 0.273
TNS   : 0.000

Type  : Slow 1100mV 0C Model Hold 'clock_50_0'
Slack : 0.379
TNS   : 0.000

Type  : Slow 1100mV 0C Model Recovery 'inst2|u1|vga_audio_inst|altera_pll_i|general[0].gpll~PLL_OUTPUT_COUNTER|divclk'
Slack : 15.552
TNS   : 0.000

Type  : Slow 1100mV 0C Model Removal 'inst2|u1|vga_audio_inst|altera_pll_i|general[0].gpll~PLL_OUTPUT_COUNTER|divclk'
Slack : 0.580
TNS   : 0.000

Type  : Slow 1100mV 0C Model Minimum Pulse Width 'inst2|u1|vga_audio_inst|altera_pll_i|general[0].gpll~FRACTIONAL_PLL|vcoph[0]'
Slack : 1.666
TNS   : 0.000

Type  : Slow 1100mV 0C Model Minimum Pulse Width 'clock_50_0'
Slack : 8.656
TNS   : 0.000

Type  : Slow 1100mV 0C Model Minimum Pulse Width 'inst2|u1|vga_audio_inst|altera_pll_i|general[0].gpll~PLL_OUTPUT_COUNTER|divclk'
Slack : 18.752
TNS   : 0.000

Type  : Fast 1100mV 85C Model Setup 'inst2|u1|vga_audio_inst|altera_pll_i|general[0].gpll~PLL_OUTPUT_COUNTER|divclk'
Slack : 13.751
TNS   : 0.000

Type  : Fast 1100mV 85C Model Setup 'clock_50_0'
Slack : 16.786
TNS   : 0.000

Type  : Fast 1100mV 85C Model Hold 'inst2|u1|vga_audio_inst|altera_pll_i|general[0].gpll~PLL_OUTPUT_COUNTER|divclk'
Slack : 0.165
TNS   : 0.000

Type  : Fast 1100mV 85C Model Hold 'clock_50_0'
Slack : 0.189
TNS   : 0.000

Type  : Fast 1100mV 85C Model Recovery 'inst2|u1|vga_audio_inst|altera_pll_i|general[0].gpll~PLL_OUTPUT_COUNTER|divclk'
Slack : 17.169
TNS   : 0.000

Type  : Fast 1100mV 85C Model Removal 'inst2|u1|vga_audio_inst|altera_pll_i|general[0].gpll~PLL_OUTPUT_COUNTER|divclk'
Slack : 0.329
TNS   : 0.000

Type  : Fast 1100mV 85C Model Minimum Pulse Width 'inst2|u1|vga_audio_inst|altera_pll_i|general[0].gpll~FRACTIONAL_PLL|vcoph[0]'
Slack : 1.666
TNS   : 0.000

Type  : Fast 1100mV 85C Model Minimum Pulse Width 'clock_50_0'
Slack : 8.532
TNS   : 0.000

Type  : Fast 1100mV 85C Model Minimum Pulse Width 'inst2|u1|vga_audio_inst|altera_pll_i|general[0].gpll~PLL_OUTPUT_COUNTER|divclk'
Slack : 18.883
TNS   : 0.000

Type  : Fast 1100mV 0C Model Setup 'inst2|u1|vga_audio_inst|altera_pll_i|general[0].gpll~PLL_OUTPUT_COUNTER|divclk'
Slack : 14.457
TNS   : 0.000

Type  : Fast 1100mV 0C Model Setup 'clock_50_0'
Slack : 17.009
TNS   : 0.000

Type  : Fast 1100mV 0C Model Hold 'inst2|u1|vga_audio_inst|altera_pll_i|general[0].gpll~PLL_OUTPUT_COUNTER|divclk'
Slack : 0.167
TNS   : 0.000

Type  : Fast 1100mV 0C Model Hold 'clock_50_0'
Slack : 0.180
TNS   : 0.000

Type  : Fast 1100mV 0C Model Recovery 'inst2|u1|vga_audio_inst|altera_pll_i|general[0].gpll~PLL_OUTPUT_COUNTER|divclk'
Slack : 17.368
TNS   : 0.000

Type  : Fast 1100mV 0C Model Removal 'inst2|u1|vga_audio_inst|altera_pll_i|general[0].gpll~PLL_OUTPUT_COUNTER|divclk'
Slack : 0.275
TNS   : 0.000

Type  : Fast 1100mV 0C Model Minimum Pulse Width 'inst2|u1|vga_audio_inst|altera_pll_i|general[0].gpll~FRACTIONAL_PLL|vcoph[0]'
Slack : 1.666
TNS   : 0.000

Type  : Fast 1100mV 0C Model Minimum Pulse Width 'clock_50_0'
Slack : 8.481
TNS   : 0.000

Type  : Fast 1100mV 0C Model Minimum Pulse Width 'inst2|u1|vga_audio_inst|altera_pll_i|general[0].gpll~PLL_OUTPUT_COUNTER|divclk'
Slack : 18.885
TNS   : 0.000

------------------------------------------------------------
